רשימת הפלגות:
[30, 29, 302, 128, 128, 128, 128, 128, 363, 1]
-------------------------
ח׳ אדר תשפ״ה בליל שבת:
  אור זרוע - ז׳ ניסן תשפ״ה ביום שבת
  עונה בינונית 30 - ח׳ ניסן תשפ״ה בליל ראשון
  כרתי ופלתי - ח׳ ניסן תשפ״ה ביום ראשון
  וסת החודש - ח׳ ניסן תשפ״ה בליל ראשון
  עונה בינונית 31 - ט׳ ניסן תשפ״ה בליל שני
-------------------------
ט׳ שבט תשפ״ה ביום שישי:
  אור זרוע - ח׳ אדר תשפ״ה בליל שבת
  עונה בינונית 30 - ח׳ אדר תשפ״ה ביום שבת
  וסת החודש - ט׳ אדר תשפ״ה ביום ראשון
  עונה בינונית 31 - ט׳ אדר תשפ״ה ביום ראשון
  הפלגה - ח׳ אדר תשפ״ה ביום שבת
-------------------------
י׳ טבת תשפ״ה בליל שישי:
  אור זרוע - ט׳ שבט תשפ״ה ביום שישי
  עונה בינונית 30 - י׳ שבט תשפ״ה בליל שבת
  כרתי ופלתי - י׳ שבט תשפ״ה ביום שבת
  וסת החודש - י׳ שבט תשפ״ה בליל שבת
  עונה בינונית 31 - י״א שבט תשפ״ה בליל ראשון
  הפלגה - ט׳ שבט תשפ״ה בליל שישי
  הפלגות שלא נעקרו:
    29 - ט׳ שבט תשפ״ה בליל שישי
    30 - י׳ שבט תשפ״ה בליל שבת
-------------------------
ה׳ אדר ב׳ תשפ״ד ביום שישי:
  אור זרוע - ה׳ ניסן תשפ״ד בליל שבת
  עונה בינונית 30 - ה׳ ניסן תשפ״ד ביום שבת
  וסת החודש - ה׳ ניסן תשפ״ד ביום שבת
  עונה בינונית 31 - ו׳ ניסן תשפ״ד ביום ראשון
  הפלגה - י״ד תמוז תשפ״ד ביום שבת
  הפלגות שלא נעקרו:
    128 - י״ד תמוז תשפ״ד ביום שבת
    128 - י״ד תמוז תשפ״ד ביום שבת
    128 - י״ד תמוז תשפ״ד ביום שבת
    128 - י״ד תמוז תשפ״ד ביום שבת
    302 - י׳ טבת תשפ״ה ביום שישי
-------------------------
י״ד תמוז תשפ״ד בליל שבת:
  אור זרוע - י״ג אב תשפ״ד ביום שבת
  עונה בינונית 30 - י״ד אב תשפ״ד בליל ראשון
  כרתי ופלתי - י״ד אב תשפ״ד ביום ראשון
  וסת החודש - י״ד אב תשפ״ד בליל ראשון
  עונה בינונית 31 - ט״ו אב תשפ״ד בליל שני
  הפלגה - כ״ג חשון תשפ״ה בליל ראשון
  הפלגות שלא נעקרו:
    128 - כ״ג חשון תשפ״ה בליל ראשון
    128 - כ״ג חשון תשפ״ה בליל ראשון
    128 - כ״ג חשון תשפ״ה בליל ראשון
    128 - כ״ג חשון תשפ״ה בליל ראשון
    128 - כ״ג חשון תשפ״ה בליל ראשון
    302 - י״ט אייר תשפ״ה בליל שבת
-------------------------
כ״א תמוז תשפ״ה בליל חמישי:
  אור זרוע - כ׳ אב תשפ״ה ביום חמישי
  עונה בינונית 30 - כ״א אב תשפ״ה בליל שישי
  כרתי ופלתי - כ״א אב תשפ״ה ביום שישי
  וסת החודש - כ״א אב תשפ״ה בליל שישי
  עונה בינונית 31 - כ״ב אב תשפ״ה בליל שבת
  הפלגה - כ״א תמוז תשפ״ה בליל חמישי
  הפלגות שלא נעקרו:
    1 - כ״א תמוז תשפ״ה בליל חמישי
    363 - כ״ט תמוז תשפ״ו בליל שלישי
-------------------------
